== israeli
Eden Hason Israel unknown unknown conf= 25  1.9s
Omer Adam Israel hip-hop 2010s conf= 85  1.1s
Tuna unknown unknown unknown conf= 20  0.7s
Idan Amedi Israel hip-hop 2010s conf= 75  0.8s
Noga Erez Israel hip-hop 2010s conf= 75  0.9s
Ravid Plotnik unknown unknown unknown conf= 20  0.7s
Mercedes Band unknown unknown unknown conf=  0  0.9s
Eviatar Banai Israel unknown unknown conf= 20  0.9s
Full Trunk Israel hip-hop 2010s conf= 85  1.1s
Monica Sex unknown unknown unknown conf=  0  0.7s
Beit Habubot Israel unknown unknown conf= 25  0.7s
Hadag Nahash Israel psytrance 1990s conf= 65  1.1s
חנן בן ארי Israel unknown unknown conf=100  0.9s
Mashina Israel hip-hop 2000s conf= 75  1.1s
Cookie Levanna unknown unknown unknown conf=  0  0.7s
Ivri Lider Israel mizrahi unknown conf=100  1.0s
Berry Sakharof Israel psytrance 2010s conf= 75  0.9s
Girafot unknown unknown unknown conf=  0  0.7s
Osher Cohen Israel psytrance 2000s conf= 75  0.9s
Jasmin Moallem unknown unknown unknown conf=  0  0.7s
Yoni Bloch Israel psytrance 1990s conf= 75  1.0s
שחר סאול Israel unknown unknown conf= 20  0.9s
Carakukly unknown unknown unknown conf=  0  0.7s
Liran Danino Israel unknown unknown conf= 20  0.8s
Mooki Israel hip-hop 2010s conf= 75  1.0s
== international
Infected Mushroom Israel electronic 2000s conf= 85  1.1s
Dire Straits UK classic-rock 1970s conf= 85  1.0s
Stromae Belgium electronic 2010s conf= 85  1.0s
John Mayer USA rock 2010s conf= 85  0.9s
The Weeknd Canada pop 2010s conf= 85  0.8s
E-Z unknown unknown unknown conf= 25  0.8s
Eric Berman USA unknown unknown conf=  0  0.8s
Nirvana USA rock 1990s conf= 95  0.8s
Ed Sheeran UK pop 2010s conf= 95  1.0s
Primus USA metal 1980s conf= 85  1.0s
Doja Cat USA hip-hop 2010s conf= 85  0.9s
Depeche Mode UK electronic 1980s conf= 95  0.8s
Alle Farben Israel electronic 2000s conf= 75  1.1s
Skrillex USA electronic 2010s conf= 85  0.8s
Eagles USA classic-rock 1970s conf= 85  0.8s
Yishay Swissa Israel hip-hop 2010s conf= 75  1.0s
Melanie Martinez USA pop 2010s conf= 95  1.0s
Lucky Luke unknown unknown unknown conf= 20  0.8s
Eden Ben Zaken Israel unknown unknown conf= 20  0.8s
CKay Israel hip-hop 2010s conf= 85  1.1s
Teapacks Israel hip-hop 2010s conf= 75  1.0s
Doli & Penn Israel psytrance 2000s conf= 75  0.9s
The Police UK rock 1970s conf= 95  1.0s
Arutz Hakibud Israel unknown unknown conf=  0  0.8s
Ehud Banai Israel hip-hop 2010s conf= 90  0.9s
